{
  "A": {},
  "B": {
    "B(uint256)": "digraph{\n0[label=\"Node Type: ENTRY_POINT 0\n\"];\n}\n"
  },
  "C": {
    "B(uint256)": "digraph{\n0[label=\"Node Type: ENTRY_POINT 0\n\"];\n}\n"
  },
  "D": {
    "B(uint256)": "digraph{\n0[label=\"Node Type: ENTRY_POINT 0\n\"];\n}\n",
    "D()": "digraph{\n0[label=\"Node Type: ENTRY_POINT 0\n\"];\n0->1;\n1[label=\"Node Type: EXPRESSION 1\n\nEXPRESSION:\nB(2)\n\nIRs:\nINTERNAL_CALL, B.B(uint256)(2)\"];\n}\n"
  },
  "E": {
    "B(uint256)": "digraph{\n0[label=\"Node Type: ENTRY_POINT 0\n\"];\n}\n"
  },
  "F": {},
  "G": {},
  "H": {}
}